Read	.target.tmpdir "/tmp"
Read	.target.stat "/y2update/control.xml" $["isreg":true]
Read	.target.size "/y2update/control.xml" 1
Read	.xml "/y2update/control.xml" $[]
Read	.sysconfig.console.CONSOLE_ENCODING "UTF-8"
Execute	.target.bash_output "locale -k charmap" $["exit":0, "stdout":"charmap=\"UTF-8\"\n"]
Read	.sysconfig.language.RC_LANG "en_US.UTF-8"
Read	.target.size "/etc/sysconfig/language" 1
Read	.sysconfig.language.ROOT_USES_LANG "ctype"
Read	.sysconfig.language.RC_LANG "en_US.UTF-8"
Read	.sysconfig.language.INSTALLED_LANGUAGES ""
Log	Invalid 'url' parameter: nil
Return	nil
Return	http://example.com/repos/SLES11SP2
Return	http://example.com/repos/SLES11SP2
Return	http://example.com/repos/SLES11SP2
Return	http://example.com/repos/SLES11SP2?alias=SLES
Return	http://example.com/repos/SLES11SP2?alias=mySLES
Return	http://example.com/repos/SLES11SP2?alias=SLES-11-SP2
Return	http://example.com/repos/SLES11SP2?alias=SLES
